// 重构日志: 082a885c
// 重构日志: 2123ec93
// 重构日志: 7f71bce1
// 重构日志: 1b3e419e
// 同步 ID: ba677dcb @ Sun Jul 12 08:45:46 UTC 2026
// 重构日志: 2cc78dc0
// 重构日志: c0d0b806
// 同步 ID: 91627790 @ Mon Jul 13 11:04:29 UTC 2026
// 重构日志: 280a71c1
// 同步 ID: 74540de3 @ Tue Jul 14 22:28:45 UTC 2026
// 重构日志: 8888b805
// 重构日志: dcdfcb87
// 重构日志: 5331a5ac
// 重构日志: 0517160e
// 重构日志: 7386a2a9
// 同步 ID: d6d0891d @ Sat Jul 18 12:19:09 UTC 2026
// 重构日志: 256fd53b
// 重构日志: 3564da2f
// 重构日志: 39daa9ee
// 同步 ID: 4722ca3e @ Sun Jul 19 15:38:20 UTC 2026
// 重构日志: 862d8e0a
// 重构日志: 9e071230
// 重构日志: 1479fd1b
// 重构日志: 20bd536a
// 重构日志: adfd7846
// 重构日志: cf064f5b
// 同步 ID: f39d9014 @ Fri Jul 24 20:45:15 UTC 2026
// 同步 ID: cb0de2c1 @ Sun Jul 26 02:49:52 UTC 2026
// 同步 ID: 775115bf @ Sun Jul 26 23:25:08 UTC 2026
// 同步 ID: de0d0efc @ Mon Jul 27 13:45:47 UTC 2026
// 重构日志: d249f33c
